// Jest Snapshot v1, https://goo.gl/fbAQLP

exports[`UserForm Snapshot of UserForm 1`] = `
<Component
  actions={
    <div
      className="col-sm-12"
    >
      <div
        className="row"
      >
        <div
          className="col-md-7"
        />
        <div
          className="col-md-2 my-auto"
        >
          <span
            className="users cancel-link"
          >
            CANCEL
          </span>
        </div>
        <div
          className="col-md-3"
        >
          <Connect(MuiComponent)
            label="Submit"
          />
        </div>
      </div>
    </div>
  }
  panelHeadingClassName="users-from-panel-heading"
  rightElement={<CloseIcon />}
  title="Add User"
>
  <Connect(SystemMessage) />
  <Scrollbars
    autoHeight={false}
    autoHeightMax={200}
    autoHeightMin={0}
    autoHide={false}
    autoHideDuration={200}
    autoHideTimeout={1000}
    hideTracksWhenNotNeeded={false}
    renderThumbHorizontal={[Function]}
    renderThumbVertical={[Function]}
    renderTrackHorizontal={[Function]}
    renderTrackVertical={[Function]}
    renderView={[Function]}
    style={
      Object {
        "height": 325,
      }
    }
    tagName="div"
    thumbMinSize={30}
    universal={false}
  >
    <form
      className="readmin-form users-form"
    >
      <div
        className="col-sm-12"
      >
        <div
          className="row  align-items-center"
        >
          <div
            className="col-md-4"
          >
            <label>
              Your full name
            </label>
          </div>
          <div
            className="col-md-8"
          >
            <Field
              autoComplete="new-username"
              component={[Function]}
              fullWidth={true}
              id="your-full-name"
              name="fullName"
            />
          </div>
        </div>
      </div>
      <div
        className="col-sm-12"
      >
        <div
          className="row align-items-center"
        >
          <div
            className="col-md-4"
          >
            <label>
              Email/Login
            </label>
          </div>
          <div
            className="col-md-8"
          >
            <Field
              autoComplete="new-email"
              component={[Function]}
              fullWidth={true}
              id="email"
              name="email"
              type="email"
            />
          </div>
        </div>
      </div>
      <div
        className="col-sm-12"
      >
        <div
          className="row align-items-center"
        >
          <div
            className="col-md-4"
          >
            <label>
              User Level:
            </label>
          </div>
          <div
            className="col-md-8"
          >
            <Field
              autoComplete="new-user-level"
              component={[Function]}
              fullWidth={true}
              id="userLevel"
              name="userLevel"
              type="text"
            >
              <MenuItem
                anchorOrigin={
                  Object {
                    "horizontal": "right",
                    "vertical": "top",
                  }
                }
                checked={false}
                desktop={false}
                disabled={false}
                focusState="none"
                insetChildren={false}
                primaryText="Select One"
                targetOrigin={
                  Object {
                    "horizontal": "left",
                    "vertical": "top",
                  }
                }
                value=""
              />
              <MenuItem
                anchorOrigin={
                  Object {
                    "horizontal": "right",
                    "vertical": "top",
                  }
                }
                checked={false}
                desktop={false}
                disabled={false}
                focusState="none"
                insetChildren={false}
                primaryText="0 (Lowest)"
                targetOrigin={
                  Object {
                    "horizontal": "left",
                    "vertical": "top",
                  }
                }
                value={0}
              />
              <MenuItem
                anchorOrigin={
                  Object {
                    "horizontal": "right",
                    "vertical": "top",
                  }
                }
                checked={false}
                desktop={false}
                disabled={false}
                focusState="none"
                insetChildren={false}
                primaryText="1"
                targetOrigin={
                  Object {
                    "horizontal": "left",
                    "vertical": "top",
                  }
                }
                value={1}
              />
              <MenuItem
                anchorOrigin={
                  Object {
                    "horizontal": "right",
                    "vertical": "top",
                  }
                }
                checked={false}
                desktop={false}
                disabled={false}
                focusState="none"
                insetChildren={false}
                primaryText="2"
                targetOrigin={
                  Object {
                    "horizontal": "left",
                    "vertical": "top",
                  }
                }
                value={2}
              />
              <MenuItem
                anchorOrigin={
                  Object {
                    "horizontal": "right",
                    "vertical": "top",
                  }
                }
                checked={false}
                desktop={false}
                disabled={false}
                focusState="none"
                insetChildren={false}
                primaryText="3"
                targetOrigin={
                  Object {
                    "horizontal": "left",
                    "vertical": "top",
                  }
                }
                value={3}
              />
              <MenuItem
                anchorOrigin={
                  Object {
                    "horizontal": "right",
                    "vertical": "top",
                  }
                }
                checked={false}
                desktop={false}
                disabled={false}
                focusState="none"
                insetChildren={false}
                primaryText="4 (Highest)"
                targetOrigin={
                  Object {
                    "horizontal": "left",
                    "vertical": "top",
                  }
                }
                value={4}
              />
            </Field>
          </div>
        </div>
      </div>
      <div
        className="col-sm-12"
        style={
          Object {
            "top": "-10px",
          }
        }
      >
        <div
          className="row align-items-center"
        >
          <div
            className="col-md-4"
          >
            <label>
              User Type:
            </label>
          </div>
          <div
            className="col-md-8"
          >
            <Field
              autoComplete="new-user-type"
              component={[Function]}
              fullWidth={true}
              id="userType"
              name="userType"
              type="text"
            >
              <MenuItem
                anchorOrigin={
                  Object {
                    "horizontal": "right",
                    "vertical": "top",
                  }
                }
                checked={false}
                desktop={false}
                disabled={false}
                focusState="none"
                insetChildren={false}
                primaryText="Select One"
                targetOrigin={
                  Object {
                    "horizontal": "left",
                    "vertical": "top",
                  }
                }
                value=""
              />
              <MenuItem
                anchorOrigin={
                  Object {
                    "horizontal": "right",
                    "vertical": "top",
                  }
                }
                checked={false}
                desktop={false}
                disabled={false}
                focusState="none"
                insetChildren={false}
                primaryText="Guest"
                targetOrigin={
                  Object {
                    "horizontal": "left",
                    "vertical": "top",
                  }
                }
                value="Guest"
              />
              <MenuItem
                anchorOrigin={
                  Object {
                    "horizontal": "right",
                    "vertical": "top",
                  }
                }
                checked={false}
                desktop={false}
                disabled={false}
                focusState="none"
                insetChildren={false}
                primaryText="Staff"
                targetOrigin={
                  Object {
                    "horizontal": "left",
                    "vertical": "top",
                  }
                }
                value="Staff"
              />
              <MenuItem
                anchorOrigin={
                  Object {
                    "horizontal": "right",
                    "vertical": "top",
                  }
                }
                checked={false}
                desktop={false}
                disabled={false}
                focusState="none"
                insetChildren={false}
                primaryText="Quickbooks_Administrator"
                targetOrigin={
                  Object {
                    "horizontal": "left",
                    "vertical": "top",
                  }
                }
                value="QB_Administrator"
              />
            </Field>
          </div>
        </div>
      </div>
      <div
        className="col-sm-12"
        style={
          Object {
            "top": "-5px",
          }
        }
      >
        <div
          className="row align-items-center"
        >
          <div
            className="col-md-4"
          >
            <label>
              Active:
            </label>
          </div>
          <div
            className="col-md-8"
          >
            <Field
              autoComplete="new-active"
              component={[Function]}
              fullWidth={true}
              id="active"
              name="active"
              style={
                Object {
                  "display": "inline-flex",
                }
              }
              type="text"
            >
              <RadioButton
                checked={false}
                disabled={false}
                iconStyle={
                  Object {
                    "fill": "#66a4c0",
                  }
                }
                label="Yes"
                labelPosition="right"
                value={true}
              />
              <RadioButton
                checked={false}
                disabled={false}
                iconStyle={
                  Object {
                    "fill": "#66a4c0",
                  }
                }
                label="No"
                labelPosition="right"
                value={false}
              />
            </Field>
          </div>
        </div>
      </div>
      <Passwords />
    </form>
  </Scrollbars>
</Component>
`;
