// Jest Snapshot v1, https://goo.gl/fbAQLP

exports[`ArtistForm Snapshot of ArtistForm 1`] = `
<Panel
  panelHeadingClassName="users-from-panel-heading"
  title="Add Artist"
>
  <Connect(SystemMessage) />
  <form
    className="readmin-form users-form"
  >
    <div
      className="col-sm-12"
    >
      <div
        className="row  align-items-center"
      >
        <div
          className="col-md-6"
        >
          <Field
            autoComplete="new-username"
            component={[Function]}
            fullWidth={true}
            id="your-first-name"
            name="firstName"
            placeholder="First Name"
          />
        </div>
        <div
          className="col-md-6"
        >
          <Field
            autoComplete="new-username"
            component={[Function]}
            fullWidth={true}
            id="your-middle-name"
            name="middleName"
            placeholder="Middle Name"
          />
        </div>
      </div>
    </div>
    <div
      className="col-sm-12"
    >
      <Field
        autoComplete="new-username"
        component={[Function]}
        fullWidth={true}
        id="your-last-name"
        name="lastName"
        placeholder="Last Name"
      />
    </div>
    <div
      className="col-sm-12"
    >
      <div
        className="row align-items-center"
      >
        <div
          className="col-md-4"
        >
          <label>
             Consignor:
          </label>
        </div>
        <div
          className="col-md-8"
        >
          <Field
            autoComplete="new-consignor"
            component={[Function]}
            fullWidth={true}
            id="isConsignor"
            name="isConsignor"
            style={
              Object {
                "display": "inline-flex",
              }
            }
            type="text"
          >
            <RadioButton
              checked={false}
              disabled={false}
              label="Yes"
              labelPosition="right"
              value={true}
            />
            <RadioButton
              checked={false}
              disabled={false}
              label="No"
              labelPosition="right"
              value={false}
            />
          </Field>
        </div>
      </div>
    </div>
    <div
      className="col-sm-12"
    >
      <div
        className="row align-items-center"
      >
        <div
          className="col-md-4"
        >
          <label>
             Active:
          </label>
        </div>
        <div
          className="col-md-8"
        >
          <Field
            autoComplete="new-active"
            component={[Function]}
            fullWidth={true}
            id="active"
            name="active"
            style={
              Object {
                "display": "inline-flex",
              }
            }
            type="text"
          >
            <RadioButton
              checked={false}
              disabled={false}
              label="Yes"
              labelPosition="right"
              value={true}
            />
            <RadioButton
              checked={false}
              disabled={false}
              label="No"
              labelPosition="right"
              value={false}
            />
          </Field>
        </div>
      </div>
    </div>
    <div
      className="col-sm-12 pt20"
    >
      <div
        className="row"
      >
        <div
          className="col-md-7"
        />
        <div
          className="col-md-2 my-auto"
        >
          <span
            className="cancel-link"
          >
            Cancel
          </span>
        </div>
        <div
          className="col-md-3"
        >
          <Connect(MuiComponent)
            label="Submit"
          />
        </div>
      </div>
    </div>
  </form>
</Panel>
`;
