// Jest Snapshot v1, https://goo.gl/fbAQLP

exports[`ResetPasswordForm Should has same snapshot 1`] = `
<div
  className="auth-login-wrapper"
>
  <div
    className="auth-login-fields"
  >
    <div
      className="py-2"
    />
    <h4>
      passwordReset.formHeader
    </h4>
    <div
      className="py-3"
    />
    <form>
      <span>
        passwordReset.headerInfo
      </span>
      <Field
        component={[Function]}
        floatingLabelText="passwordReset.newPassword.field"
        id="new_password"
        name="newPassword"
        type="password"
      />
      <Field
        component={[Function]}
        floatingLabelText="passwordReset.confirmPassword.field"
        id="confirm_password"
        name="confirmPassword"
        type="password"
      />
      <div
        className="py-2"
      />
      <div
        className="pt20"
      >
        <Connect(SubmitBtnLoader)
          label="passwordReset.submitBtn"
        />
      </div>
      <div
        className="pt20 links"
      >
        <Link
          replace={false}
          to="/login"
        >
          passwordForget.backToLogin
        </Link>
      </div>
    </form>
  </div>
</div>
`;
