// Jest Snapshot v1, https://goo.gl/fbAQLP

exports[`Message Message error snapshot 1`] = `
<div
  className="alert alert-danger"
  role="alert"
>
  <button
    aria-label="Close"
    className="close"
    onClick={[Function]}
    type="button"
  >
    <span
      aria-hidden="true"
    >
      Ã—
    </span>
  </button>
  some error message
</div>
`;
