// Jest Snapshot v1, https://goo.gl/fbAQLP

exports[`ConsignmentsItem Snapshot of ConsignmentsItem 1`] = `
<ListItem
  autoGenerateNestedIndicator={true}
  containerElement="span"
  disableKeyboardFocus={false}
  disabled={false}
  initiallyOpen={false}
  innerDivStyle={Object {}}
  insetChildren={false}
  leftIcon={
    <i
      className="material-icons"
    >
      local_shipping
    </i>
  }
  nestedItems={
    Array [
      <ListItem
        autoGenerateNestedIndicator={true}
        containerElement={
            <NavLink
                activeClassName="active"
                ariaCurrent="true"
                exact={true}
                to="/consignments"
            />
        }
        disableKeyboardFocus={false}
        disabled={false}
        initiallyOpen={false}
        innerDivStyle={Object {}}
        insetChildren={false}
        nestedItems={Array []}
        nestedLevel={0}
        onKeyboardFocus={[Function]}
        onMouseEnter={[Function]}
        onMouseLeave={[Function]}
        onNestedListToggle={[Function]}
        onTouchEnd={[Function]}
        onTouchStart={[Function]}
        open={null}
        primaryText="Overview (View All)"
        primaryTogglesNestedList={false}
        secondaryTextLines={1}
    />,
      <ListItem
        autoGenerateNestedIndicator={true}
        containerElement="span"
        disableKeyboardFocus={false}
        disabled={false}
        initiallyOpen={false}
        innerDivStyle={Object {}}
        insetChildren={false}
        nestedItems={Array []}
        nestedLevel={0}
        onKeyboardFocus={[Function]}
        onMouseEnter={[Function]}
        onMouseLeave={[Function]}
        onNestedListToggle={[Function]}
        onTouchEnd={[Function]}
        onTouchStart={[Function]}
        open={null}
        primaryText="Consigned Out"
        primaryTogglesNestedList={false}
        secondaryTextLines={1}
    />,
    ]
  }
  nestedLevel={0}
  onKeyboardFocus={[Function]}
  onMouseEnter={[Function]}
  onMouseLeave={[Function]}
  onNestedListToggle={[Function]}
  onTouchEnd={[Function]}
  onTouchStart={[Function]}
  open={null}
  primaryText="Consignments"
  primaryTogglesNestedList={true}
  secondaryTextLines={1}
/>
`;
