// Jest Snapshot v1, https://goo.gl/fbAQLP

exports[`DashboardItem Snapshot of DashboardItem 1`] = `
<ListItem
  autoGenerateNestedIndicator={true}
  containerElement={
    <NavLink
      activeClassName="active"
      ariaCurrent="true"
      exact={true}
      to="/"
    />
  }
  disableKeyboardFocus={false}
  disabled={false}
  initiallyOpen={false}
  innerDivStyle={Object {}}
  insetChildren={false}
  leftIcon={
    <i
      className="material-icons"
    >
      dashboard
    </i>
  }
  nestedItems={Array []}
  nestedLevel={0}
  onKeyboardFocus={[Function]}
  onMouseEnter={[Function]}
  onMouseLeave={[Function]}
  onNestedListToggle={[Function]}
  onTouchEnd={[Function]}
  onTouchStart={[Function]}
  open={null}
  primaryTogglesNestedList={false}
  secondaryTextLines={1}
/>
`;
