// Jest Snapshot v1, https://goo.gl/fbAQLP

exports[`Confirm Password Field Snapshot of ConfirmPasswordField 1`] = `
<Field
  autoComplete="new-confirm-password"
  component={[Function]}
  fullWidth={true}
  id="confirmPassword"
  name="confirmPassword"
  type="password"
/>
`;
