// Jest Snapshot v1, https://goo.gl/fbAQLP

exports[`Input Field Snapshot of Input Field 1`] = `
<TextField
  disabled={false}
  floatingLabelFixed={false}
  fullWidth={true}
  multiLine={false}
  rows={1}
  type="text"
  underlineShow={true}
/>
`;
