// Jest Snapshot v1, https://goo.gl/fbAQLP

exports[`ChangePasswords Snapshot when is state fasle 1`] = `
<div
  className="pt-2"
>
  <div
    className="col-sm-12"
  >
    <div
      className="row align-items-center"
    >
      <div
        className="col-md-4"
      >
        <label>
          editAccount.changePasswordLabel
        </label>
      </div>
      <div
        className="col-md-8"
      >
        <Field
          component={[Function]}
          label=""
          name="changePassword"
          onChange={[Function]}
        />
      </div>
    </div>
  </div>
  <CSSTransition
    appear={true}
    classNames="fade"
    in={false}
    mountOnEnter={true}
    timeout={300}
    unmountOnExit={true}
  >
    <div>
      <div
        className="col-sm-12"
      >
        <div
          className="row align-items-center"
        >
          <div
            className="col-md-4"
          >
            <label>
              editAccount.oldPasswordLabel
            </label>
          </div>
          <div
            className="col-md-8"
          >
            <Field
              autoComplete="old-password"
              component={[Function]}
              fullWidth={true}
              id="oldPassword"
              name="oldpassword"
              type="password"
            />
          </div>
        </div>
      </div>
      <div
        className="col-sm-12"
      >
        <div
          className="row align-items-center"
        >
          <div
            className="col-md-4"
          >
            <label>
              editAccount.newPasswordLabel
            </label>
          </div>
          <div
            className="col-md-8"
          >
            <Field
              autoComplete="new-password"
              component={[Function]}
              fullWidth={true}
              id="newPassword"
              name="password"
              type="password"
            />
          </div>
        </div>
      </div>
      <div
        className="col-sm-12"
      >
        <div
          className="row align-items-center"
        >
          <div
            className="col-md-4"
          >
            <label>
              editAccount.confirmPasswordLabel
            </label>
          </div>
          <div
            className="col-md-8"
          >
            <Field
              autoComplete="confirm-password"
              component={[Function]}
              fullWidth={true}
              id="confirmPassword"
              name="confirmPassword"
              type="password"
            />
          </div>
        </div>
      </div>
    </div>
  </CSSTransition>
</div>
`;
