// Jest Snapshot v1, https://goo.gl/fbAQLP

exports[`EditAccountForm Should be same snapshot 1`] = `
<div
  className="row"
>
  <div
    className="col-md-2"
  />
  <div
    className="col-md-8"
  >
    <Connect(SystemMessage) />
    <Component
      title="editAccount.title"
    >
      <form
        className="readmin-form"
      >
        <div
          className="col-sm-12"
        >
          <div
            className="row  align-items-center"
          >
            <div
              className="col-md-4"
            >
              <label>
                editAccount.fullNameLabel
              </label>
            </div>
            <div
              className="col-md-8"
            >
              <Field
                autoComplete="new-username"
                component={[Function]}
                fullWidth={true}
                id="your-full-name"
                name="fullName"
              />
            </div>
          </div>
        </div>
        <div
          className="col-sm-12"
        >
          <div
            className="row align-items-center"
          >
            <div
              className="col-md-4"
            >
              <label>
                editAccount.loginLabel
              </label>
            </div>
            <div
              className="col-md-8"
            >
              <Field
                autoComplete="new-email"
                component={[Function]}
                fullWidth={true}
                id="email"
                name="email"
                type="email"
              />
            </div>
          </div>
        </div>
        <ChangePasswords
          resetPasswords={[Function]}
          t={[Function]}
        />
        <LevelTransfer
          resetTransferEmail={[Function]}
          t={[Function]}
        />
        <div
          className="col-sm-12 pt20"
        >
          <div
            className="row"
          >
            <div
              className="col-md-4"
            />
            <div
              className="col-md-6"
            >
              <Connect(SubmitBtnLoader)
                label="editAccount.submitButtonLabel"
              />
            </div>
            <div
              className="col-md-2"
            />
          </div>
        </div>
      </form>
    </Component>
  </div>
  <div
    className="col-md-2"
  />
</div>
`;
